// Jest Snapshot v1, https://goo.gl/fbAQLP

exports[`pruebas en priema app debe de mostrar <PrimeraApp /> correctamente 1`] = `
<Fragment>
  <h1>
     
    Hola, soy Goku
    !!! 
  </h1>
  <p>
    soy un subtitulo
  </p>
</Fragment>
`;
